// Jest Snapshot v1, https://goo.gl/fbAQLP

exports[`Alert should renders default 1`] = `
<Modal
  ariaHideApp={true}
  bodyOpenClassName="ReactModal__Body--open"
  closeTimeoutMS={0}
  isOpen={false}
  onRequestClose={[Function]}
  parentSelector={[Function]}
  portalClassName="ReactModalPortal"
  shouldCloseOnEsc={true}
  shouldCloseOnOverlayClick={true}
  shouldFocusAfterRender={true}
  shouldReturnFocusAfterClose={true}
  style={
    Object {
      "content": Object {
        "background": "white",
        "height": 110,
        "left": "50%",
        "padding": 24,
        "position": "absolute",
        "top": "50%",
        "transform": "translate(-50%, -50%)",
        "width": 320,
      },
      "overlay": Object {
        "background": "rgba(0, 0, 0, 0.5)",
      },
    }
  }
>
  <styled.div>
    <Styled(MdInfo)
      color="black"
    />
    <styled.p>
      My message
    </styled.p>
  </styled.div>
  <styled.div>
    <styled.button
      onClick={[Function]}
    >
      OK
    </styled.button>
  </styled.div>
</Modal>
`;
