// Jest Snapshot v1, https://goo.gl/fbAQLP

exports[`TableInput should renders default 1`] = `
<styled.div>
  <styled.div>
    <styled.input
      onChange={[Function]}
      type="text"
      value="username"
    />
  </styled.div>
  <styled.div>
    <styled.select
      onChange={[Function]}
      value="STRING"
    >
      <option
        key="0"
        value="NUMBER"
      >
        NUMBER
      </option>
      <option
        key="1"
        value="STRING"
      >
        STRING
      </option>
      <option
        key="2"
        value="BOOLEAN"
      >
        BOOLEAN
      </option>
    </styled.select>
  </styled.div>
  <Styled(MdClose)
    onClick={[Function]}
  />
</styled.div>
`;
