// Jest Snapshot v1, https://goo.gl/fbAQLP

exports[`TableInput should renders default 1`] = `
<styled.div>
  <styled.div>
    <styled.input
      onChange={[Function]}
      type="text"
      value="id"
    />
  </styled.div>
  <styled.div>
    <styled.select
      onChange={[Function]}
      value="BIGINT"
    >
      <option
        key="0"
        value="BIG_INCREMENT"
      >
        BIG_INCREMENT
      </option>
      <option
        key="1"
        value="BIGINT"
      >
        BIGINT
      </option>
      <option
        key="2"
        value="BLOB"
      >
        BLOB
      </option>
      <option
        key="3"
        value="BOOLEAN"
      >
        BOOLEAN
      </option>
      <option
        key="4"
        value="CHAR"
      >
        CHAR
      </option>
      <option
        key="5"
        value="DATE"
      >
        DATE
      </option>
      <option
        key="6"
        value="DATETIME"
      >
        DATETIME
      </option>
      <option
        key="7"
        value="DATETIME_TZ"
      >
        DATETIME_TZ
      </option>
      <option
        key="8"
        value="DECIMAL"
      >
        DECIMAL
      </option>
      <option
        key="9"
        value="DOUBLE"
      >
        DOUBLE
      </option>
      <option
        key="10"
        value="ENUM"
      >
        ENUM
      </option>
      <option
        key="11"
        value="FLOAT"
      >
        FLOAT
      </option>
      <option
        key="12"
        value="INTEGER"
      >
        INTEGER
      </option>
      <option
        key="13"
        value="INCREMENT"
      >
        INCREMENT
      </option>
      <option
        key="14"
        value="IP_ADDRESS"
      >
        IP_ADDRESS
      </option>
      <option
        key="15"
        value="JSON"
      >
        JSON
      </option>
      <option
        key="16"
        value="JSONB"
      >
        JSONB
      </option>
      <option
        key="17"
        value="LONGTEXT"
      >
        LONGTEXT
      </option>
      <option
        key="18"
        value="MAC_ADDRESS"
      >
        MAC_ADDRESS
      </option>
      <option
        key="19"
        value="MEDIUM_INCREMENT"
      >
        MEDIUM_INCREMENT
      </option>
      <option
        key="20"
        value="MEDIUMINT"
      >
        MEDIUMINT
      </option>
      <option
        key="21"
        value="MEDIUMTEXT"
      >
        MEDIUMTEXT
      </option>
      <option
        key="22"
        value="MORPHS"
      >
        MORPHS
      </option>
      <option
        key="23"
        value="NULLABLE_MORPHS"
      >
        NULLABLE_MORPHS
      </option>
      <option
        key="24"
        value="NULLABLE_TIMESTAMP"
      >
        NULLABLE_TIMESTAMP
      </option>
      <option
        key="25"
        value="REMEMBER_TOKEN"
      >
        REMEMBER_TOKEN
      </option>
      <option
        key="26"
        value="SMALL_INCREMENT"
      >
        SMALL_INCREMENT
      </option>
      <option
        key="27"
        value="SMALLINT"
      >
        SMALLINT
      </option>
      <option
        key="28"
        value="SOFTDELETES"
      >
        SOFTDELETES
      </option>
      <option
        key="29"
        value="STRING"
      >
        STRING
      </option>
      <option
        key="30"
        value="TEXT"
      >
        TEXT
      </option>
      <option
        key="31"
        value="TIME"
      >
        TIME
      </option>
      <option
        key="32"
        value="TIME_TZ"
      >
        TIME_TZ
      </option>
      <option
        key="33"
        value="TINYINT"
      >
        TINYINT
      </option>
      <option
        key="34"
        value="TIMESTAMP"
      >
        TIMESTAMP
      </option>
      <option
        key="35"
        value="TIMESTAMP_TZ"
      >
        TIMESTAMP_TZ
      </option>
      <option
        key="36"
        value="TIMESTAMPS"
      >
        TIMESTAMPS
      </option>
      <option
        key="37"
        value="TIMESTAMPS_TZ"
      >
        TIMESTAMPS_TZ
      </option>
      <option
        key="38"
        value="UBIGINT"
      >
        UBIGINT
      </option>
      <option
        key="39"
        value="UINT"
      >
        UINT
      </option>
      <option
        key="40"
        value="UMEDIUMINT"
      >
        UMEDIUMINT
      </option>
      <option
        key="41"
        value="USMALLINT"
      >
        USMALLINT
      </option>
      <option
        key="42"
        value="UTINYINT"
      >
        UTINYINT
      </option>
      <option
        key="43"
        value="UUID"
      >
        UUID
      </option>
    </styled.select>
  </styled.div>
  <Styled(MdClose)
    onClick={[Function]}
  />
</styled.div>
`;
